// Jest Snapshot v1, https://goo.gl/fbAQLP

exports[`course service find should return a course with the given coursePackId and courseId 1`] = `
{
  "coursePackId": 1,
  "id": 1,
  "statements": [
    {
      "chinese": "你好",
      "courseId": 1,
      "english": "hello",
      "order": 1,
      "soundmark": "nihao",
    },
    {
      "chinese": "你好",
      "courseId": 1,
      "english": "hello",
      "order": 2,
      "soundmark": "nihao",
    },
  ],
  "title": "第一课",
}
`;
